// Jest Snapshot v1, https://goo.gl/fbAQLP

exports[`Pruebas en <GifCard /> Debe hacer match con el snapshot 1`] = `
<div>
  <div
    class="card"
  >
    <img
      alt="prueba"
      src="https://media1.giphy.com/dadada.gif"
    />
    <div
      class="cardSeparator"
    />
    <p>
      prueba
    </p>
  </div>
</div>
`;
